// Jest Snapshot v1, https://goo.gl/fbAQLP

exports[`PERMISSIONS — snapshot completo la matrice non cambia senza approvazione esplicita 1`] = `
{
  "ADMIN": {
    "academicYear": [
      "create",
      "delete",
      "export",
      "manage",
      "read",
      "update",
    ],
    "accounting": [
      "create",
      "delete",
      "export",
      "manage",
      "read",
      "update",
    ],
    "analytics": [
      "create",
      "delete",
      "export",
      "manage",
      "read",
      "update",
    ],
    "attendance": [
      "create",
      "delete",
      "export",
      "manage",
      "read",
      "update",
    ],
    "auditLog": [
      "create",
      "delete",
      "export",
      "manage",
      "read",
      "update",
    ],
    "class": [
      "create",
      "delete",
      "export",
      "manage",
      "read",
      "update",
    ],
    "course": [
      "create",
      "delete",
      "export",
      "manage",
      "read",
      "update",
    ],
    "disciplinaryNote": [
      "create",
      "delete",
      "export",
      "manage",
      "read",
      "update",
    ],
    "document": [
      "create",
      "delete",
      "export",
      "manage",
      "read",
      "update",
    ],
    "grade": [
      "create",
      "delete",
      "export",
      "manage",
      "read",
      "update",
    ],
    "holiday": [
      "create",
      "delete",
      "export",
      "manage",
      "read",
      "update",
    ],
    "homework": [
      "create",
      "delete",
      "export",
      "manage",
      "read",
      "update",
    ],
    "homeworkSubmission": [
      "create",
      "delete",
      "export",
      "manage",
      "read",
      "update",
    ],
    "invoice": [
      "create",
      "delete",
      "export",
      "manage",
      "read",
      "update",
    ],
    "lesson": [
      "create",
      "delete",
      "export",
      "manage",
      "read",
      "update",
    ],
    "material": [
      "create",
      "delete",
      "export",
      "manage",
      "read",
      "update",
    ],
    "message": [
      "create",
      "delete",
      "export",
      "manage",
      "read",
      "update",
    ],
    "notice": [
      "create",
      "delete",
      "export",
      "manage",
      "read",
      "update",
    ],
    "notification": [
      "create",
      "delete",
      "export",
      "manage",
      "read",
      "update",
    ],
    "parent": [
      "create",
      "delete",
      "export",
      "manage",
      "read",
      "update",
    ],
    "parentMeeting": [
      "create",
      "delete",
      "export",
      "manage",
      "read",
      "update",
    ],
    "payment": [
      "create",
      "delete",
      "export",
      "manage",
      "read",
      "update",
    ],
    "payroll": [
      "create",
      "delete",
      "export",
      "manage",
      "read",
      "update",
    ],
    "reportCard": [
      "create",
      "delete",
      "export",
      "manage",
      "read",
      "update",
    ],
    "schedule": [
      "create",
      "delete",
      "export",
      "manage",
      "read",
      "update",
    ],
    "settings": [
      "create",
      "delete",
      "export",
      "manage",
      "read",
      "update",
    ],
    "student": [
      "create",
      "delete",
      "export",
      "manage",
      "read",
      "update",
    ],
    "subject": [
      "create",
      "delete",
      "export",
      "manage",
      "read",
      "update",
    ],
    "subscription": [
      "create",
      "delete",
      "export",
      "manage",
      "read",
      "update",
    ],
    "teacher": [
      "create",
      "delete",
      "export",
      "manage",
      "read",
      "update",
    ],
    "user": [
      "create",
      "delete",
      "export",
      "manage",
      "read",
      "update",
    ],
  },
  "DIRECTOR": {
    "academicYear": [
      "create",
      "delete",
      "export",
      "manage",
      "read",
      "update",
    ],
    "accounting": [
      "read",
    ],
    "analytics": [
      "create",
      "delete",
      "export",
      "manage",
      "read",
      "update",
    ],
    "attendance": [
      "create",
      "delete",
      "export",
      "manage",
      "read",
      "update",
    ],
    "auditLog": [
      "read",
    ],
    "class": [
      "create",
      "delete",
      "export",
      "manage",
      "read",
      "update",
    ],
    "course": [
      "create",
      "delete",
      "export",
      "manage",
      "read",
      "update",
    ],
    "disciplinaryNote": [
      "create",
      "delete",
      "export",
      "manage",
      "read",
      "update",
    ],
    "document": [
      "create",
      "delete",
      "export",
      "manage",
      "read",
      "update",
    ],
    "grade": [
      "create",
      "delete",
      "export",
      "manage",
      "read",
      "update",
    ],
    "holiday": [
      "create",
      "delete",
      "export",
      "manage",
      "read",
      "update",
    ],
    "homework": [
      "create",
      "delete",
      "export",
      "manage",
      "read",
      "update",
    ],
    "invoice": [
      "read",
    ],
    "lesson": [
      "create",
      "delete",
      "export",
      "manage",
      "read",
      "update",
    ],
    "material": [
      "create",
      "delete",
      "export",
      "manage",
      "read",
      "update",
    ],
    "message": [
      "create",
      "delete",
      "export",
      "manage",
      "read",
      "update",
    ],
    "notice": [
      "create",
      "delete",
      "export",
      "manage",
      "read",
      "update",
    ],
    "notification": [
      "create",
      "delete",
      "export",
      "manage",
      "read",
      "update",
    ],
    "parent": [
      "create",
      "delete",
      "export",
      "manage",
      "read",
      "update",
    ],
    "parentMeeting": [
      "create",
      "delete",
      "export",
      "manage",
      "read",
      "update",
    ],
    "payment": [
      "read",
    ],
    "payroll": [
      "read",
    ],
    "reportCard": [
      "create",
      "delete",
      "export",
      "manage",
      "read",
      "update",
    ],
    "schedule": [
      "create",
      "delete",
      "export",
      "manage",
      "read",
      "update",
    ],
    "settings": [
      "read",
    ],
    "student": [
      "create",
      "delete",
      "export",
      "manage",
      "read",
      "update",
    ],
    "subject": [
      "create",
      "delete",
      "export",
      "manage",
      "read",
      "update",
    ],
    "subscription": [
      "read",
    ],
    "teacher": [
      "create",
      "delete",
      "export",
      "manage",
      "read",
      "update",
    ],
  },
  "PARENT": {
    "academicYear": [
      "read",
    ],
    "attendance": [
      "read",
    ],
    "class": [
      "read",
    ],
    "course": [
      "read",
    ],
    "disciplinaryNote": [
      "read",
    ],
    "document": [
      "read",
    ],
    "grade": [
      "read",
    ],
    "holiday": [
      "read",
    ],
    "homework": [
      "read",
    ],
    "invoice": [
      "read",
    ],
    "lesson": [
      "read",
    ],
    "material": [
      "read",
    ],
    "message": [
      "create",
      "read",
    ],
    "notice": [
      "read",
    ],
    "notification": [
      "read",
      "update",
    ],
    "parentMeeting": [
      "create",
      "read",
      "update",
    ],
    "payment": [
      "read",
    ],
    "reportCard": [
      "read",
    ],
    "schedule": [
      "read",
    ],
    "student": [
      "read",
    ],
    "teacher": [
      "read",
    ],
  },
  "SECRETARY": {
    "academicYear": [
      "read",
    ],
    "accounting": [
      "read",
    ],
    "analytics": [
      "read",
    ],
    "attendance": [
      "create",
      "export",
      "read",
      "update",
    ],
    "class": [
      "create",
      "read",
      "update",
    ],
    "course": [
      "create",
      "read",
      "update",
    ],
    "document": [
      "create",
      "delete",
      "export",
      "manage",
      "read",
      "update",
    ],
    "grade": [
      "read",
    ],
    "holiday": [
      "read",
    ],
    "homework": [
      "read",
    ],
    "invoice": [
      "create",
      "delete",
      "export",
      "manage",
      "read",
      "update",
    ],
    "lesson": [
      "create",
      "read",
      "update",
    ],
    "material": [
      "read",
    ],
    "message": [
      "create",
      "delete",
      "export",
      "manage",
      "read",
      "update",
    ],
    "notice": [
      "create",
      "delete",
      "export",
      "manage",
      "read",
      "update",
    ],
    "notification": [
      "create",
      "delete",
      "export",
      "manage",
      "read",
      "update",
    ],
    "parent": [
      "create",
      "delete",
      "export",
      "manage",
      "read",
      "update",
    ],
    "parentMeeting": [
      "create",
      "delete",
      "export",
      "manage",
      "read",
      "update",
    ],
    "payment": [
      "create",
      "delete",
      "export",
      "manage",
      "read",
      "update",
    ],
    "reportCard": [
      "export",
      "read",
    ],
    "schedule": [
      "read",
    ],
    "student": [
      "create",
      "delete",
      "export",
      "manage",
      "read",
      "update",
    ],
    "subject": [
      "read",
    ],
    "teacher": [
      "create",
      "read",
      "update",
    ],
  },
  "STUDENT": {
    "academicYear": [
      "read",
    ],
    "attendance": [
      "read",
    ],
    "class": [
      "read",
    ],
    "course": [
      "read",
    ],
    "disciplinaryNote": [
      "read",
    ],
    "document": [
      "read",
    ],
    "grade": [
      "read",
    ],
    "holiday": [
      "read",
    ],
    "homework": [
      "read",
    ],
    "homeworkSubmission": [
      "create",
      "read",
      "update",
    ],
    "lesson": [
      "read",
    ],
    "material": [
      "read",
    ],
    "message": [
      "create",
      "read",
    ],
    "notice": [
      "read",
    ],
    "notification": [
      "read",
      "update",
    ],
    "parentMeeting": [
      "read",
    ],
    "payment": [
      "read",
    ],
    "reportCard": [
      "read",
    ],
    "schedule": [
      "read",
    ],
    "subject": [
      "read",
    ],
    "teacher": [
      "read",
    ],
  },
  "SUPERADMIN": {
    "academicYear": [
      "create",
      "delete",
      "export",
      "manage",
      "read",
      "update",
    ],
    "accounting": [
      "create",
      "delete",
      "export",
      "manage",
      "read",
      "update",
    ],
    "analytics": [
      "create",
      "delete",
      "export",
      "manage",
      "read",
      "update",
    ],
    "attendance": [
      "create",
      "delete",
      "export",
      "manage",
      "read",
      "update",
    ],
    "auditLog": [
      "create",
      "delete",
      "export",
      "manage",
      "read",
      "update",
    ],
    "class": [
      "create",
      "delete",
      "export",
      "manage",
      "read",
      "update",
    ],
    "course": [
      "create",
      "delete",
      "export",
      "manage",
      "read",
      "update",
    ],
    "disciplinaryNote": [
      "create",
      "delete",
      "export",
      "manage",
      "read",
      "update",
    ],
    "document": [
      "create",
      "delete",
      "export",
      "manage",
      "read",
      "update",
    ],
    "grade": [
      "create",
      "delete",
      "export",
      "manage",
      "read",
      "update",
    ],
    "holiday": [
      "create",
      "delete",
      "export",
      "manage",
      "read",
      "update",
    ],
    "homework": [
      "create",
      "delete",
      "export",
      "manage",
      "read",
      "update",
    ],
    "homeworkSubmission": [
      "create",
      "delete",
      "export",
      "manage",
      "read",
      "update",
    ],
    "invoice": [
      "create",
      "delete",
      "export",
      "manage",
      "read",
      "update",
    ],
    "lesson": [
      "create",
      "delete",
      "export",
      "manage",
      "read",
      "update",
    ],
    "material": [
      "create",
      "delete",
      "export",
      "manage",
      "read",
      "update",
    ],
    "message": [
      "create",
      "delete",
      "export",
      "manage",
      "read",
      "update",
    ],
    "notice": [
      "create",
      "delete",
      "export",
      "manage",
      "read",
      "update",
    ],
    "notification": [
      "create",
      "delete",
      "export",
      "manage",
      "read",
      "update",
    ],
    "parent": [
      "create",
      "delete",
      "export",
      "manage",
      "read",
      "update",
    ],
    "parentMeeting": [
      "create",
      "delete",
      "export",
      "manage",
      "read",
      "update",
    ],
    "payment": [
      "create",
      "delete",
      "export",
      "manage",
      "read",
      "update",
    ],
    "payroll": [
      "create",
      "delete",
      "export",
      "manage",
      "read",
      "update",
    ],
    "plan": [
      "create",
      "delete",
      "export",
      "manage",
      "read",
      "update",
    ],
    "reportCard": [
      "create",
      "delete",
      "export",
      "manage",
      "read",
      "update",
    ],
    "schedule": [
      "create",
      "delete",
      "export",
      "manage",
      "read",
      "update",
    ],
    "settings": [
      "create",
      "delete",
      "export",
      "manage",
      "read",
      "update",
    ],
    "student": [
      "create",
      "delete",
      "export",
      "manage",
      "read",
      "update",
    ],
    "subject": [
      "create",
      "delete",
      "export",
      "manage",
      "read",
      "update",
    ],
    "subscription": [
      "create",
      "delete",
      "export",
      "manage",
      "read",
      "update",
    ],
    "teacher": [
      "create",
      "delete",
      "export",
      "manage",
      "read",
      "update",
    ],
    "tenant": [
      "create",
      "delete",
      "export",
      "manage",
      "read",
      "update",
    ],
    "user": [
      "create",
      "delete",
      "export",
      "manage",
      "read",
      "update",
    ],
  },
  "TEACHER": {
    "academicYear": [
      "read",
    ],
    "attendance": [
      "create",
      "export",
      "read",
      "update",
    ],
    "class": [
      "read",
    ],
    "course": [
      "read",
    ],
    "disciplinaryNote": [
      "create",
      "read",
      "update",
    ],
    "document": [
      "read",
    ],
    "grade": [
      "create",
      "delete",
      "read",
      "update",
    ],
    "holiday": [
      "read",
    ],
    "homework": [
      "create",
      "delete",
      "read",
      "update",
    ],
    "homeworkSubmission": [
      "read",
      "update",
    ],
    "lesson": [
      "create",
      "read",
      "update",
    ],
    "material": [
      "create",
      "delete",
      "read",
      "update",
    ],
    "message": [
      "create",
      "read",
      "update",
    ],
    "notice": [
      "create",
      "read",
    ],
    "notification": [
      "read",
      "update",
    ],
    "parent": [
      "read",
    ],
    "parentMeeting": [
      "create",
      "read",
      "update",
    ],
    "payroll": [
      "read",
    ],
    "reportCard": [
      "create",
      "read",
      "update",
    ],
    "schedule": [
      "read",
    ],
    "student": [
      "read",
    ],
    "subject": [
      "read",
    ],
    "teacher": [
      "read",
    ],
  },
}
`;
